// Jest Snapshot v1, https://goo.gl/fbAQLP

exports[`<Dropdown /> renders the correct options 1`] = `
<View>
  <View
    accessible={true}
    collapsable={false}
    focusable={true}
    onBlur={[Function]}
    onClick={[Function]}
    onFocus={[Function]}
    onResponderGrant={[Function]}
    onResponderMove={[Function]}
    onResponderRelease={[Function]}
    onResponderTerminate={[Function]}
    onResponderTerminationRequest={[Function]}
    onStartShouldSetResponder={[Function]}
  >
    <View
      style={
        Object {
          "backgroundColor": "#EEE9E9",
          "borderRadius": 18,
          "paddingHorizontal": 15,
          "paddingVertical": 10,
          "width": "100%",
        }
      }
    >
      <Text
        style={
          Object {
            "fontSize": 18,
          }
        }
      >
        Elegir dificultad
      </Text>
    </View>
  </View>
</View>
`;
